     1                                  bits 32 ; assembling for the 32 bits architecture
     2                                  
     3                                  ; declare the EntryPoint (a label defining the very first instruction of the program)
     4                                  global start        
     5                                  
     6                                  ; declare external functions needed by our program
     7                                  extern exit               ; tell nasm that exit exists even if we won't be defining it
     8                                  import exit msvcrt.dll    ; exit is a function that ends the calling process. It is defined in msvcrt.dll
     9                                                            ; msvcrt.dll contains exit, printf and all the other important C-runtime specific functions
    10                                  
    11                                  ; our data is declared here (the variables needed by our program)
    12                                  segment data use32 class=data
    13                                      ; declaring variables
    14                                  
    15                                      
    16 00000000 05                          a db 5
    17 00000001 0100                        b dw 1
    18 00000003 08                          c db 8
    19 00000004 06000000                    d dd 6
    20                                  
    21                                  ; our code starts here
    22                                  segment code use32 class=code
    23                                      start:
    24                                          ;a+c+d/b
    25 00000000 A0[00000000]                    mov al,byte[a]
    26 00000005 8A1D[03000000]                  mov bl,byte[c]
    27 0000000B 00D8                            add al,bl
    28                                        ;  mov cl,al
    29 0000000D 6698                            cbw
    30 0000000F 6699                            cwd
    31 00000011 89C3                            mov ebx,eax
    32 00000013 A1[04000000]                    mov eax,dword[d]
    33 00000018 668B0D[01000000]                mov cx,word[b]
    34 0000001F 66F7F9                          idiv cx
    35 00000022 01D8                            add eax,ebx
    36                                  
    37                                      
    38                                          ; exit(0)
    39 00000024 6A00                            push    dword 0      ; push the parameter for exit onto the stack
    40 00000026 FF15[00000000]                  call    [exit]       ; call exit to terminate the program
